src/app/api/clients/search/route.ts(51,45): error TS2769: No overload matches this call.
  Overload 1 of 2, '(pipeline?: PipelineStage[] | undefined, options?: AggregateOptions | undefined): Aggregate<any[]>', gave the following error.
    Argument of type '({ $match: { $or: ({ clientName: { $regex: string; $options: string; }; clientPhone?: undefined; } | { clientPhone: { $regex: string; $options: string; }; clientName?: undefined; })[]; }; $sort?: undefined; $group?: undefined; $limit?: undefined; } | { ...; } | { ...; } | { ...; })[]' is not assignable to parameter of type 'PipelineStage[]'.
      Type '{ $match: { $or: ({ clientName: { $regex: string; $options: string; }; clientPhone?: undefined; } | { clientPhone: { $regex: string; $options: string; }; clientName?: undefined; })[]; }; $sort?: undefined; $group?: undefined; $limit?: undefined; } | { ...; } | { ...; } | { ...; }' is not assignable to type 'PipelineStage'.
        Type '{ $sort: { eventDate: number; }; $match?: undefined; $group?: undefined; $limit?: undefined; }' is not assignable to type 'PipelineStage'.
          Type '{ $sort: { eventDate: number; }; $match?: undefined; $group?: undefined; $limit?: undefined; }' is not assignable to type 'Sort'.
            Types of property '$sort' are incompatible.
              Type '{ eventDate: number; }' is not assignable to type 'Record<string, 1 | -1 | Meta>'.
                Property 'eventDate' is incompatible with index signature.
                  Type 'number' is not assignable to type '1 | -1 | Meta'.
  Overload 2 of 2, '(pipeline: PipelineStage[]): Aggregate<any[]>', gave the following error.
    Argument of type '({ $match: { $or: ({ clientName: { $regex: string; $options: string; }; clientPhone?: undefined; } | { clientPhone: { $regex: string; $options: string; }; clientName?: undefined; })[]; }; $sort?: undefined; $group?: undefined; $limit?: undefined; } | { ...; } | { ...; } | { ...; })[]' is not assignable to parameter of type 'PipelineStage[]'.
      Type '{ $match: { $or: ({ clientName: { $regex: string; $options: string; }; clientPhone?: undefined; } | { clientPhone: { $regex: string; $options: string; }; clientName?: undefined; })[]; }; $sort?: undefined; $group?: undefined; $limit?: undefined; } | { ...; } | { ...; } | { ...; }' is not assignable to type 'PipelineStage'.
        Type '{ $sort: { eventDate: number; }; $match?: undefined; $group?: undefined; $limit?: undefined; }' is not assignable to type 'PipelineStage'.
          Type '{ $sort: { eventDate: number; }; $match?: undefined; $group?: undefined; $limit?: undefined; }' is not assignable to type 'Sort'.
            Types of property '$sort' are incompatible.
              Type '{ eventDate: number; }' is not assignable to type 'Record<string, 1 | -1 | Meta>'.
                Property 'eventDate' is incompatible with index signature.
                  Type 'number' is not assignable to type '1 | -1 | Meta'.
